// Jest Snapshot v1, https://goo.gl/fbAQLP

exports[`<App /> Renders a basic application 1`] = `
Array [
  <div>
    Hello World
  </div>,
]
`;
